// Vitest Snapshot v1, https://vitest.dev/guide/snapshot.html

exports[`<Header/> > should match to snapshot 1`] = `
<div>
  <h1
    class="text-2xl font-semibold text-secondary"
  >
    Carregando...
  </h1>
</div>
`;
