// Vitest Snapshot v1, https://vitest.dev/guide/snapshot.html

exports[`<Video/> > should match to snapshot 1`] = `
<div>
  <div
    aria-controls="player"
    class="w-full bg-night aspect-video"
  >
    <div
      aria-label="loading"
      aria-live="polite"
      class="flex h-full items-center justify-center"
      role="status"
    >
      <svg
        class="w-6 h-6 animate-spin"
        fill="currentColor"
        height="1em"
        viewBox="0 0 256 256"
        width="1em"
        xmlns="http://www.w3.org/2000/svg"
      >
        <path
          d="M136,32V64a8,8,0,0,1-16,0V32a8,8,0,0,1,16,0Zm88,88H192a8,8,0,0,0,0,16h32a8,8,0,0,0,0-16Zm-45.09,47.6a8,8,0,0,0-11.31,11.31l22.62,22.63a8,8,0,0,0,11.32-11.32ZM128,184a8,8,0,0,0-8,8v32a8,8,0,0,0,16,0V192A8,8,0,0,0,128,184ZM77.09,167.6,54.46,190.22a8,8,0,0,0,11.32,11.32L88.4,178.91A8,8,0,0,0,77.09,167.6ZM72,128a8,8,0,0,0-8-8H32a8,8,0,0,0,0,16H64A8,8,0,0,0,72,128ZM65.78,54.46A8,8,0,0,0,54.46,65.78L77.09,88.4A8,8,0,0,0,88.4,77.09Z"
        />
      </svg>
    </div>
  </div>
</div>
`;
